1. Install terraform
$ brew tap hashicorp/tap
$ brew install hashicorp/tap/terraform

2. Install aws-vault
See https://github.com/99designs/aws-vault#installing
On a mac
$ brew install --cask aws-vault

3. Ensure you have an ~/.aws/config file with the required profile (eg cyber-dojo-beta)
It will look like this...
[profile cyber-dojo-beta]
sso_start_url = https://merkely.awsapps.com/start
sso_region = eu-north-1
sso_account_id = 244531986313
sso_role_name = AdministratorAccess
region = eu-central-1
output = json

4. Do an aws-vault login
$ aws-vault login cyber-dojo-beta -d 8h

5. cd to the ./deployment/terraform directory inside the repo in question
$ cd ./deployment/terraform

6. Download tf.sh wrapper
$ curl https://releases.fivexl.io/tf/v0.2.1/tf.sh --output tf.sh && chmod +x ./tf.sh

7. run this command:
$ ./tf.sh force-unlock <state-lock-id>

You can find state lock ID in the CI error message:
Error: Error acquiring the state lock

Error message: ConditionalCheckFailedException: The conditional request
failed
Lock Info:
  ID:        c9cc5264-88ee-46ec-4507-ba929c37b97e
  Path:      terraform-state-9d7e951c290ec5bbe6506e0ddb064808764bc636/terraform/saver/main.tfstate
  Operation: OperationTypeApply
  Who:       runner@fv-az1108-930
  Version:   1.4.5
  Created:   2023-10-23 12:36:51.178192343 +0000 UTC

So in this case the command would be:

$ ./tf.sh force-unlock c9cc5264-88ee-46ec-4507-ba929c37b97e